../Core/Src/main.c:82:5:main	8	static
../Core/Src/main.c:141:6:SystemClock_Config	112	static
../Core/Src/main.c:192:13:MX_ADC_Init	16	static
../Core/Src/main.c:264:13:MX_I2C1_Init	8	static
../Core/Src/main.c:312:13:MX_SPI1_Init	8	static
../Core/Src/main.c:350:13:MX_TIM2_Init	48	static
../Core/Src/main.c:413:13:MX_TIM21_Init	48	static
../Core/Src/main.c:476:13:MX_USART2_UART_Init	8	static
../Core/Src/main.c:509:13:MX_DMA_Init	16	static
../Core/Src/main.c:530:13:MX_GPIO_Init	48	static
../Core/Src/main.c:554:6:Error_Handler	8	static,ignoring_inline_asm
