../Core/Src/main.c:82:5:main	8	static
../Core/Src/main.c:132:6:SystemClock_Config	112	static
../Core/Src/main.c:183:13:MX_ADC_Init	16	static
../Core/Src/main.c:255:13:MX_I2C1_Init	8	static
../Core/Src/main.c:303:13:MX_SPI1_Init	8	static
../Core/Src/main.c:341:13:MX_TIM2_Init	48	static
../Core/Src/main.c:404:13:MX_TIM21_Init	48	static
../Core/Src/main.c:467:13:MX_USART2_UART_Init	8	static
../Core/Src/main.c:500:13:MX_DMA_Init	16	static
../Core/Src/main.c:521:13:MX_GPIO_Init	48	static
../Core/Src/main.c:545:6:Error_Handler	8	static,ignoring_inline_asm
